// Jest Snapshot v1, https://goo.gl/fbAQLP

exports[`matches snapshot 1`] = `
<div
  className="to-be-solved-side"
  data-testid="sideNumber"
>
  6
</div>
`;
