// Jest Snapshot v1, https://goo.gl/fbAQLP

exports[`matches snapshot 1`] = `
<div
  className="draw-square"
  data-testid="drawSquare"
  onMouseDown={[Function]}
  onMouseEnter={[Function]}
/>
`;
